La science des données est une discipline interdisciplinaire qui combine des compétences en mathématiques, statistiques, informatique, et techniques de modélisation pour analyser et extraire des connaissances à partir de données massives. Elle inclut des méthodes comme l’apprentissage automatique et l’apprentissage profond, qui sont utilisés pour analyser et prédire des tendances à partir de grandes quantités de données. La discipline est en pleine expansion grâce aux progrès des technologies, comme le cloud computing, qui permettent de traiter des volumes de données toujours plus importants dans divers secteurs tels que la santé, la finance et l’environnement.

Les étapes du processus en science des données sont multiples et comprennent la définition du problème à résoudre, la collecte et l'exploration des données, ainsi que la préparation de celles-ci avant de créer des modèles analytiques. Ces modèles peuvent être développés à l’aide de techniques variées, comme l'apprentissage automatique, et peuvent être déployés sous forme de tableaux de bord, d'applications ou d'outils d’aide à la décision. Le travail de l'expert en science des données, le data scientist, s’effectue souvent en équipe avec des professionnels spécialisés dans la collecte des données, l'ingénierie informatique et le développement d'applications.

L’histoire de la science des données remonte aux premiers travaux sur les bases de données à la fin du 20e siècle et au développement de l’internet. La discipline s'est amplifiée avec la croissance des données numériques et des capacités de calcul, facilitant ainsi l’émergence de nouveaux algorithmes et outils d’analyse. L'utilisation de l'intelligence artificielle, comme l’apprentissage automatique, a permis d’élargir les domaines d'application de la science des données, de la prédiction à la vision par ordinateur en passant par le traitement du langage naturel. La demande pour des experts dans ce domaine, à la fois dans les entreprises et pour des applications sociales, continue de croître.

Les compétences nécessaires pour être un bon scientifique de données vont au-delà des connaissances techniques. Elles incluent également des capacités analytiques, la maîtrise de divers outils logiciels et langages de programmation, ainsi qu’une bonne compréhension des questions éthiques liées à l'utilisation des données, notamment en ce qui concerne la confidentialité et la sécurité. Avec l’essor de la science des données, des questions éthiques majeures se posent, en particulier concernant la manipulation des données personnelles à des fins politiques ou économiques. Le salaire moyen d'un data scientist varie selon les pays et l’expérience, mais il reste élevé, ce qui reflète la forte demande pour des professionnels qualifiés dans ce secteur en pleine croissance.

Droits des robots
En 2017, le Parlement européen a demandé à une commission d'étudier la possibilité qu'un robot doté d'une intelligence artificielle puisse être considéré comme une personne juridique,. Advenant un dommage causé à un tiers par une intelligence artificielle, celle-ci pourrait être condamnée à réparer ce dommage. Il serait envisageable de conférer une personnalité électronique à tout robot prenant des décisions autonomes ou interagissant de manière indépendante avec des tiers, au même titre qu'une personne morale et physique.


Liens externes
« IA militaire : drones de guerre », La Science, CQFD, France Culture, 25 juin 2024.
« Intelligence artificielle », publications en ligne, Interstices, INRIA.
(en) European Association for Artificial Intelligence (EurAI) (Association européenne pour l'intelligence artificielle)
Association française pour l'intelligence artificielle (AfIA).
GdrIA, groupement de recherche du CNRS sur les aspects formels et algorithmiques de l'intelligence artificielle.
Dossier sur l'Intelligence artificielle, savoirs.ens.fr (conférences), École normale supérieure.
Sébastien Konieczny, « L'intelligence artificielle, menace ou avancée ? », Huffington Post, 9 mars 2016
« Intelligence artificielle : en mon âme et conscience », La Science, CQFD, France Culture, 1er juin 2023.
William Audureau, « Tout comprendre à l’intelligence artificielle, cette technologie source de nombreux malentendus », sur Les Décodeurs, Le Monde, 20 avril 2024